// Jest Snapshot v1, https://goo.gl/fbAQLP

exports[`Home dump component should render with defaults 1`] = `
<div>
  Home page from function
</div>
`;
